Git is a distributed version control system.
Git is free software. distributed under the GPL.
git log命令显示从最近到最远的提交日志，
我们可以看到3次提交，
最近的一次是append GPL，
上一次是update readme file
最早的一次是write a readme file
如果嫌输出信息太多，看得眼花缭乱的，可以试试加上--pretty=oneline参数

$ git log --pretty=oneline
3aa913b04c3cc221a77555ec049a20223da4c52f (HEAD -> master) append GPL
71c9c4a17b818dcc606a15717143a17b26fcc714 update readme file
d3187c743cdb80f1786112e48c07052f10733bdb write a readme file


======================================================================
查看文件内容：cat readme.txt
添加文件：git add readme.txt
提交文件到版本库：git commit -m "append GPL"
后悔时使用：git reflog 
按版本号回退：git reset --hard 3628164
回退到上一个版本：git reset --hard HEAD^
显示提交记录：git log --pretty=oneline
查看工作区和版本库里面最新版本的区别：git diff HEAD -- readme.txt

撤销命令（让这个文件回到最近一次git commit或git add时的状态）：git checkout -- readme.txt

场景1：当你改乱了工作区某个文件的内容，想直接丢弃工作区的修改时，用命令git checkout -- file。

场景2：当你不但改乱了工作区某个文件的内容，还添加到了暂存区时，想丢弃修改，分两步，第一步用命令git reset HEAD file，就回到了场景1，第二步按场景1操作。

场景3：已经提交了不合适的修改到版本库时，想要撤销本次提交，参考版本回退一节，不过前提是没有推送到远程库。


Creating a new branch is quick.

创建与合并分支
阅读: 999244
在版本回退里，你已经知道，每次提交，Git都把它们串成一条时间线，这条时间线就是一个分支。截止到目前，只有一条时间线，在Git里，这个分支叫主分支，即master分支。HEAD严格来说不是指向提交，而是指向master，master才是指向提交的，所以，HEAD指向的就是当前分支。

一开始的时候，master分支是一条线，Git用master指向最新的提交，再用HEAD指向master，就能确定当前分支，以及当前分支的提交点：

git-br-initial

每次提交，master分支都会向前移动一步，这样，随着你不断提交，master分支的线也越来越长：

 当我们创建新的分支，例如dev时，Git新建了一个指针叫dev，指向master相同的提交，再把HEAD指向dev，就表示当前分支在dev上：

git-br-create

你看，Git创建一个分支很快，因为除了增加一个dev指针，改改HEAD的指向，工作区的文件都没有任何变化！

不过，从现在开始，对工作区的修改和提交就是针对dev分支了，比如新提交一次后，dev指针往前移动一步，而master指针不变：

git-br-dev-fd

假如我们在dev上的工作完成了，就可以把dev合并到master上。Git怎么合并呢？最简单的方法，就是直接把master指向dev的当前提交，就完成了合并：

git-br-ff-merge

所以Git合并分支也很快！就改改指针，工作区内容也不变！

合并完分支后，甚至可以删除dev分支。删除dev分支就是把dev指针给删掉，删掉后，我们就剩下了一条master分支：

git-br-rm

真是太神奇了，你看得出来有些提交是通过分支完成的吗？

 下面开始实战。

首先，我们创建dev分支，然后切换到dev分支：

$ git checkout -b dev
Switched to a new branch 'dev'
git checkout命令加上-b参数表示创建并切换，相当于以下两条命令：

$ git branch dev
$ git checkout dev
Switched to branch 'dev'
然后，用git branch命令查看当前分支：

$ git branch
* dev
  master
git branch命令会列出所有分支，当前分支前面会标一个*号。

然后，我们就可以在dev分支上正常提交，比如对readme.txt做个修改，加上一行：

Creating a new branch is quick.
然后提交：

$ git add readme.txt 
$ git commit -m "branch test"
[dev fec145a] branch test
 1 file changed, 1 insertion(+)
现在，dev分支的工作完成，我们就可以切换回master分支：

$ git checkout master
Switched to branch 'master'
切换回master分支后，再查看一个readme.txt文件，刚才添加的内容不见了！因为那个提交是在dev分支上，而master分支此刻的提交点并没有变：

git-br-on-master

现在，我们把dev分支的工作成果合并到master分支上：

$ git merge dev
Updating d17efd8..fec145a
Fast-forward
 readme.txt |    1 +
 1 file changed, 1 insertion(+)
git merge命令用于合并指定分支到当前分支。合并后，再查看readme.txt的内容，就可以看到，和dev分支的最新提交是完全一样的。

注意到上面的Fast-forward信息，Git告诉我们，这次合并是“快进模式”，也就是直接把master指向dev的当前提交，所以合并速度非常快。

当然，也不是每次合并都能Fast-forward，我们后面会讲其他方式的合并。

合并完成后，就可以放心地删除dev分支了：

$ git branch -d dev
Deleted branch dev (was fec145a).
删除后，查看branch，就只剩下master分支了：

$ git branch
* master
因为创建、合并和删除分支非常快，所以Git鼓励你使用分支完成某个任务，合并后再删掉分支，这和直接在master分支上工作效果是一样的，但过程更安全。

小结
Git鼓励大量使用分支：

查看分支：git branch

创建分支：git branch <name>

切换分支：git checkout <name>

创建+切换分支：git checkout -b <name>

合并某分支到当前分支：git merge <name>

删除分支：git branch -d <name>


人生不如意之事十之八九，合并分支往往也不是一帆风顺的。

准备新的feature1分支，继续我们的新分支开发：

$ git checkout -b feature1
Switched to a new branch 'feature1'
修改readme.txt最后一行，改为：

Creating a new branch is quick AND simple.
在feature1分支上提交：

$ git add readme.txt 
$ git commit -m "AND simple"
[feature1 75a857c] AND simple
 1 file changed, 1 insertion(+), 1 deletion(-)
切换到master分支：

$ git checkout master
Switched to branch 'master'
Your branch is ahead of 'origin/master' by 1 commit.
Git还会自动提示我们当前master分支比远程的master分支要超前1个提交。

在master分支上把readme.txt文件的最后一行改为：

Creating a new branch is quick & simple.
提交：

$ git add readme.txt 
$ git commit -m "& simple"
[master 400b400] & simple
 1 file changed, 1 insertion(+), 1 deletion(-)
现在，master分支和feature1分支各自都分别有新的提交，变成了这样：

git-br-feature1

这种情况下，Git无法执行“快速合并”，只能试图把各自的修改合并起来，但这种合并就可能会有冲突，我们试试看：

$ git merge feature1
Auto-merging readme.txt
CONFLICT (content): Merge conflict in readme.txt
Automatic merge failed; fix conflicts and then commit the result.
果然冲突了！Git告诉我们，readme.txt文件存在冲突，必须手动解决冲突后再提交。git status也可以告诉我们冲突的文件：

$ git status
# On branch master
# Your branch is ahead of 'origin/master' by 2 commits.
#
# Unmerged paths:
#   (use "git add/rm <file>..." as appropriate to mark resolution)
#
#       both modified:      readme.txt
#
no changes added to commit (use "git add" and/or "git commit -a")
我们可以直接查看readme.txt的内容：

Git is a distributed version control system.
Git is free software distributed under the GPL.
Git has a mutable index called stage.
Git tracks changes of files.
<<<<<<< HEAD
Creating a new branch is quick & simple.
=======
Creating a new branch is quick AND simple.
>>>>>>> feature1
Git用<<<<<<<，=======，>>>>>>>标记出不同分支的内容，我们修改如下后保存：

Creating a new branch is quick and simple.
再提交：

$ git add readme.txt 
$ git commit -m "conflict fixed"
[master 59bc1cb] conflict fixed
现在，master分支和feature1分支变成了下图所示：

git-br-conflict-merged

用带参数的git log也可以看到分支的合并情况：

$ git log --graph --pretty=oneline --abbrev-commit
*   59bc1cb conflict fixed
|\
| * 75a857c AND simple
* | 400b400 & simple
|/
* fec145a branch test
...
最后，删除feature1分支：

$ git branch -d feature1
Deleted branch feature1 (was 75a857c).
工作完成。

小结
当Git无法自动合并分支时，就必须首先解决冲突。解决冲突后，再提交，合并完成。

用git log --graph命令可以看到分支合并图。

